

Microchip MPLAB XC8 Assembler V2.41 build 20230208172133 
                                                                                               Tue Jun 20 16:35:39 2023

Microchip MPLAB XC8 C Compiler v2.41 (Free license) build 20230208172133 Og1 
     1                           	processor	18F4580
     2                           	fnconf	rparam,??,?,0
     3                           	pagewidth 120
     4                           	opt	flic
     5                           	psect	idataCOMRAM,global,class=CODE,delta=1,noexec
     6                           	psect	cinit,global,reloc=2,class=CODE,delta=1
     7                           	psect	bssCOMRAM,global,class=COMRAM,space=1,delta=1,lowdata,noexec
     8                           	psect	dataCOMRAM,global,class=COMRAM,space=1,delta=1,lowdata,noexec
     9                           	psect	cstackCOMRAM,global,class=COMRAM,space=1,delta=1,lowdata,noexec
    10                           	psect	text0,global,reloc=2,class=CODE,delta=1
    11                           	psect	text1,global,reloc=2,class=CODE,delta=1
    12                           	psect	text2,global,reloc=2,class=CODE,delta=1
    13                           	psect	text3,global,reloc=2,class=CODE,delta=1
    14                           	psect	intsave_regs,global,class=BIGRAM,space=1,delta=1,noexec
    15                           	psect	rparam,global,class=COMRAM,space=1,delta=1,noexec
    16                           	psect	idloc,global,abs,ovrld,class=IDLOC,space=5,delta=1,noexec
    17                           	psect	config,global,abs,ovrld,class=CONFIG,space=4,delta=1,noexec
    18   000000                     
    19                           ; Version 2.20
    20                           ; Generated 12/02/2020 GMT
    21                           ; 
    22                           ; Copyright © 2020, Microchip Technology Inc. and its subsidiaries ("Microchip")
    23                           ; All rights reserved.
    24                           ; 
    25                           ; This software is developed by Microchip Technology Inc. and its subsidiaries ("Microch
      +                          ip").
    26                           ; 
    27                           ; Redistribution and use in source and binary forms, with or without modification, are
    28                           ; permitted provided that the following conditions are met:
    29                           ; 
    30                           ;     1. Redistributions of source code must retain the above copyright notice, this lis
      +                          t of
    31                           ;        conditions and the following disclaimer.
    32                           ; 
    33                           ;     2. Redistributions in binary form must reproduce the above copyright notice, this 
      +                          list
    34                           ;        of conditions and the following disclaimer in the documentation and/or other
    35                           ;        materials provided with the distribution.
    36                           ; 
    37                           ;     3. Microchip's name may not be used to endorse or promote products derived from th
      +                          is
    38                           ;        software without specific prior written permission.
    39                           ; 
    40                           ; THIS SOFTWARE IS PROVIDED BY MICROCHIP "AS IS" AND ANY EXPRESS OR IMPLIED WARRANTIES,
    41                           ; INCLUDING, BUT NOT LIMITED TO, THE IMPLIED WARRANTIES OF MERCHANTABILITY AND FITNESS F
      +                          OR
    42                           ; PURPOSE ARE DISCLAIMED.  IN NO EVENT SHALL MICROCHIP BE LIABLE FOR ANY DIRECT, INDIREC
      +                          T,
    43                           ; INCIDENTAL, SPECIAL, EXEMPLARY, OR CONSEQUENTIAL DAMAGES (INCLUDING BUT NOT LIMITED TO
    44                           ; PROCUREMENT OF SUBSTITUTE GOODS OR SERVICES; LOSS OF USE, DATA OR PROFITS; OR BUSINESS
    45                           ; INTERRUPTION) HOWSOEVER CAUSED AND ON ANY THEORY OF LIABILITY, WHETHER IN CONTRACT, ST
      +                          RICT
    46                           ; LIABILITY, OR TORT (INCLUDING NEGLIGENCE OR OTHERWISE) ARISING IN ANY WAY OUT OF THE U
      +                          SE OF
    47                           ; THIS SOFTWARE, EVEN IF ADVISED OF THE POSSIBILITY OF SUCH DAMAGE.
    48                           ; 
    49                           ; 
    50                           ; Code-generator required, PIC18F4580 Definitions
    51                           ; 
    52                           ; SFR Addresses
    53   000000                     
    54                           	psect	idataCOMRAM
    55   002F24                     __pidataCOMRAM:
    56                           	callstack 0
    57                           
    58                           ;initializer for _digit
    59   002F24  E7                 	db	231
    60   002F25  21                 	db	33
    61   002F26  CB                 	db	203
    62   002F27  6B                 	db	107
    63   002F28  2D                 	db	45
    64   002F29  6E                 	db	110
    65   002F2A  EE                 	db	238
    66   002F2B  23                 	db	35
    67   002F2C  EF                 	db	239
    68   002F2D  6F                 	db	111
    69   000000                     _PORTA	set	3968
    70   000000                     _TRISA	set	3986
    71   000000                     _TRISD	set	3989
    72   000000                     _PORTD	set	3971
    73                           
    74                           ; #config settings
    75                           
    76                           	psect	cinit
    77   002F68                     __pcinit:
    78                           	callstack 0
    79   002F68                     start_initialization:
    80                           	callstack 0
    81   002F68                     __initialization:
    82                           	callstack 0
    83                           
    84                           ; Initialize objects allocated to COMRAM (10 bytes)
    85                           ; load TBLPTR registers with __pidataCOMRAM
    86   002F68  0E24               	movlw	low __pidataCOMRAM
    87   002F6A  6EF6               	movwf	tblptrl,c
    88   002F6C  0E2F               	movlw	high __pidataCOMRAM
    89   002F6E  6EF7               	movwf	tblptrh,c
    90   002F70  0E00               	movlw	low (__pidataCOMRAM shr (0+16))
    91   002F72  6EF8               	movwf	tblptru,c
    92   002F74  EE00  F001         	lfsr	0,__pdataCOMRAM
    93   002F78  EE10 F00A          	lfsr	1,10
    94   002F7C                     copy_data0:
    95   002F7C  0009               	tblrd		*+
    96   002F7E  CFF5 FFEE          	movff	tablat,postinc0
    97   002F82  50E5               	movf	postdec1,w,c
    98   002F84  50E1               	movf	fsr1l,w,c
    99   002F86  E1FA               	bnz	copy_data0
   100                           
   101                           ; Clear objects allocated to COMRAM (4 bytes)
   102   002F88  6A15               	clrf	(__pbssCOMRAM+3)& (0+255),c
   103   002F8A  6A14               	clrf	(__pbssCOMRAM+2)& (0+255),c
   104   002F8C  6A13               	clrf	(__pbssCOMRAM+1)& (0+255),c
   105   002F8E  6A12               	clrf	__pbssCOMRAM& (0+255),c
   106   002F90                     end_of_initialization:
   107                           	callstack 0
   108   002F90                     __end_of__initialization:
   109                           	callstack 0
   110   002F90  0100               	movlb	0
   111   002F92  EFA0  F017         	goto	_main	;jump to C main() function
   112                           
   113                           	psect	bssCOMRAM
   114   000012                     __pbssCOMRAM:
   115                           	callstack 0
   116   000012                     _ssd:
   117                           	callstack 0
   118   000012                     	ds	4
   119                           
   120                           	psect	dataCOMRAM
   121   000001                     __pdataCOMRAM:
   122                           	callstack 0
   123   000001                     _digit:
   124                           	callstack 0
   125   000001                     	ds	10
   126                           
   127                           	psect	cstackCOMRAM
   128   00000B                     __pcstackCOMRAM:
   129                           	callstack 0
   130   00000B                     display@data:
   131                           	callstack 0
   132                           
   133                           ; 2 bytes @ 0x0
   134   00000B                     	ds	2
   135   00000D                     ??_display:
   136                           
   137                           ; 1 bytes @ 0x2
   138   00000D                     	ds	2
   139   00000F                     display@wait:
   140                           	callstack 0
   141                           
   142                           ; 2 bytes @ 0x4
   143   00000F                     	ds	2
   144   000011                     display@digit:
   145                           	callstack 0
   146                           
   147                           ; 1 bytes @ 0x6
   148   000011                     	ds	1
   149   000012                     
   150                           ; 1 bytes @ 0x7
   151 ;;
   152 ;;Main: autosize = 0, tempsize = 0, incstack = 0, save=0
   153 ;;
   154 ;; *************** function _main *****************
   155 ;; Defined at:
   156 ;;		line 12 in file "main.c"
   157 ;; Parameters:    Size  Location     Type
   158 ;;		None
   159 ;; Auto vars:     Size  Location     Type
   160 ;;  i               2    0        unsigned short 
   161 ;; Return value:  Size  Location     Type
   162 ;;                  1    wreg      void 
   163 ;; Registers used:
   164 ;;		wreg, fsr2l, fsr2h, status,2, status,0, cstack
   165 ;; Tracked objects:
   166 ;;		On entry : 0/0
   167 ;;		On exit  : 0/0
   168 ;;		Unchanged: 0/0
   169 ;; Data sizes:     COMRAM   BANK0   BANK1   BANK2   BANK3   BANK4   BANK5
   170 ;;      Params:         0       0       0       0       0       0       0
   171 ;;      Locals:         0       0       0       0       0       0       0
   172 ;;      Temps:          0       0       0       0       0       0       0
   173 ;;      Totals:         0       0       0       0       0       0       0
   174 ;;Total ram usage:        0 bytes
   175 ;; Hardware stack levels required when called: 2
   176 ;; This function calls:
   177 ;;		_display
   178 ;;		_init_config
   179 ;; This function is called by:
   180 ;;		Startup code after reset
   181 ;; This function uses a non-reentrant model
   182 ;;
   183                           
   184                           	psect	text0
   185   002F40                     __ptext0:
   186                           	callstack 0
   187   002F40                     _main:
   188                           	callstack 29
   189   002F40                     
   190                           ;main.c: 14:  init_config();
   191   002F40  EC8F  F017         	call	_init_config	;wreg free
   192   002F44                     l772:
   193                           
   194                           ;main.c: 18:  {;main.c: 19:   ssd[3] = digit[0];
   195   002F44  C001  F015         	movff	_digit,_ssd+3
   196   002F48                     
   197                           ;main.c: 20:   ssd[2] = digit[1];
   198   002F48  C002  F014         	movff	_digit+1,_ssd+2
   199   002F4C                     
   200                           ;main.c: 21:   ssd[1] = digit[2];
   201   002F4C  C003  F013         	movff	_digit+2,_ssd+1
   202   002F50                     
   203                           ;main.c: 22:   ssd[0] = digit[3];
   204   002F50  C004  F012         	movff	_digit+3,_ssd
   205   002F54                     
   206                           ;main.c: 24:   display(ssd);
   207   002F54  0E12               	movlw	low _ssd
   208   002F56  6E0B               	movwf	display@data^0,c
   209   002F58  0E00               	movlw	high _ssd
   210   002F5A  6E0C               	movwf	(display@data+1)^0,c
   211   002F5C  ECCB  F017         	call	_display	;wreg free
   212   002F60  EFA2  F017         	goto	l772
   213   002F64  EF00  F000         	goto	start
   214   002F68                     __end_of_main:
   215                           	callstack 0
   216                           
   217 ;; *************** function _init_config *****************
   218 ;; Defined at:
   219 ;;		line 7 in file "main.c"
   220 ;; Parameters:    Size  Location     Type
   221 ;;		None
   222 ;; Auto vars:     Size  Location     Type
   223 ;;		None
   224 ;; Return value:  Size  Location     Type
   225 ;;                  1    wreg      void 
   226 ;; Registers used:
   227 ;;		wreg, status,2, status,0, cstack
   228 ;; Tracked objects:
   229 ;;		On entry : 0/0
   230 ;;		On exit  : 0/0
   231 ;;		Unchanged: 0/0
   232 ;; Data sizes:     COMRAM   BANK0   BANK1   BANK2   BANK3   BANK4   BANK5
   233 ;;      Params:         0       0       0       0       0       0       0
   234 ;;      Locals:         0       0       0       0       0       0       0
   235 ;;      Temps:          0       0       0       0       0       0       0
   236 ;;      Totals:         0       0       0       0       0       0       0
   237 ;;Total ram usage:        0 bytes
   238 ;; Hardware stack levels used: 1
   239 ;; Hardware stack levels required when called: 1
   240 ;; This function calls:
   241 ;;		_init_ssd_control
   242 ;; This function is called by:
   243 ;;		_main
   244 ;; This function uses a non-reentrant model
   245 ;;
   246                           
   247                           	psect	text1
   248   002F1E                     __ptext1:
   249                           	callstack 0
   250   002F1E                     _init_config:
   251                           	callstack 29
   252   002F1E                     
   253                           ;main.c: 9:  init_ssd_control();
   254   002F1E  EC97  F017         	call	_init_ssd_control	;wreg free
   255   002F22  0012               	return		;funcret
   256   002F24                     __end_of_init_config:
   257                           	callstack 0
   258                           
   259 ;; *************** function _init_ssd_control *****************
   260 ;; Defined at:
   261 ;;		line 4 in file "ssd_display.c"
   262 ;; Parameters:    Size  Location     Type
   263 ;;		None
   264 ;; Auto vars:     Size  Location     Type
   265 ;;		None
   266 ;; Return value:  Size  Location     Type
   267 ;;                  1    wreg      void 
   268 ;; Registers used:
   269 ;;		wreg, status,2, status,0
   270 ;; Tracked objects:
   271 ;;		On entry : 0/0
   272 ;;		On exit  : 0/0
   273 ;;		Unchanged: 0/0
   274 ;; Data sizes:     COMRAM   BANK0   BANK1   BANK2   BANK3   BANK4   BANK5
   275 ;;      Params:         0       0       0       0       0       0       0
   276 ;;      Locals:         0       0       0       0       0       0       0
   277 ;;      Temps:          0       0       0       0       0       0       0
   278 ;;      Totals:         0       0       0       0       0       0       0
   279 ;;Total ram usage:        0 bytes
   280 ;; Hardware stack levels used: 1
   281 ;; This function calls:
   282 ;;		Nothing
   283 ;; This function is called by:
   284 ;;		_init_config
   285 ;; This function uses a non-reentrant model
   286 ;;
   287                           
   288                           	psect	text2
   289   002F2E                     __ptext2:
   290                           	callstack 0
   291   002F2E                     _init_ssd_control:
   292                           	callstack 29
   293   002F2E                     
   294                           ;ssd_display.c: 7:  TRISD = 0x00;
   295   002F2E  0E00               	movlw	0
   296   002F30  6E95               	movwf	149,c	;volatile
   297   002F32                     
   298                           ;ssd_display.c: 9:  TRISA = TRISA & 0xF0;
   299   002F32  5092               	movf	146,w,c	;volatile
   300   002F34  0BF0               	andlw	240
   301   002F36  6E92               	movwf	146,c	;volatile
   302   002F38                     
   303                           ;ssd_display.c: 12:  PORTA = PORTA & 0xF0;
   304   002F38  5080               	movf	128,w,c	;volatile
   305   002F3A  0BF0               	andlw	240
   306   002F3C  6E80               	movwf	128,c	;volatile
   307   002F3E  0012               	return		;funcret
   308   002F40                     __end_of_init_ssd_control:
   309                           	callstack 0
   310                           
   311 ;; *************** function _display *****************
   312 ;; Defined at:
   313 ;;		line 16 in file "ssd_display.c"
   314 ;; Parameters:    Size  Location     Type
   315 ;;  data            2    0[COMRAM] PTR unsigned char 
   316 ;;		 -> ssd(4), 
   317 ;; Auto vars:     Size  Location     Type
   318 ;;  wait            2    4[COMRAM] unsigned int 
   319 ;;  digit           1    6[COMRAM] unsigned char 
   320 ;;  data_bit        1    0        unsigned char 
   321 ;; Return value:  Size  Location     Type
   322 ;;                  1    wreg      void 
   323 ;; Registers used:
   324 ;;		wreg, fsr2l, fsr2h, status,2, status,0
   325 ;; Tracked objects:
   326 ;;		On entry : 0/0
   327 ;;		On exit  : 0/0
   328 ;;		Unchanged: 0/0
   329 ;; Data sizes:     COMRAM   BANK0   BANK1   BANK2   BANK3   BANK4   BANK5
   330 ;;      Params:         2       0       0       0       0       0       0
   331 ;;      Locals:         3       0       0       0       0       0       0
   332 ;;      Temps:          2       0       0       0       0       0       0
   333 ;;      Totals:         7       0       0       0       0       0       0
   334 ;;Total ram usage:        7 bytes
   335 ;; Hardware stack levels used: 1
   336 ;; This function calls:
   337 ;;		Nothing
   338 ;; This function is called by:
   339 ;;		_main
   340 ;; This function uses a non-reentrant model
   341 ;;
   342                           
   343                           	psect	text3
   344   002F96                     __ptext3:
   345                           	callstack 0
   346   002F96                     _display:
   347                           	callstack 30
   348   002F96                     
   349                           ;ssd_display.c: 16: void display(unsigned char data[]);ssd_display.c: 17: {;ssd_display.
      +                          c: 18:  unsigned int wait;;ssd_display.c: 19:  unsigned char data_bit;;ssd_display.c: 20
      +                          :  unsigned char digit;;ssd_display.c: 22:  for (digit = 0; digit < 4; digit++)
   350   002F96  0E00               	movlw	0
   351   002F98  6E11               	movwf	display@digit^0,c
   352   002F9A                     l758:
   353                           
   354                           ;ssd_display.c: 23:  {;ssd_display.c: 24:   PORTD = data[digit];
   355   002F9A  5011               	movf	display@digit^0,w,c
   356   002F9C  240B               	addwf	display@data^0,w,c
   357   002F9E  6ED9               	movwf	fsr2l,c
   358   002FA0  0E00               	movlw	0
   359   002FA2  200C               	addwfc	(display@data+1)^0,w,c
   360   002FA4  6EDA               	movwf	fsr2h,c
   361   002FA6  50DF               	movf	indf2,w,c
   362   002FA8  6E83               	movwf	131,c	;volatile
   363   002FAA                     
   364                           ;ssd_display.c: 25:   PORTA = (PORTA & 0xF0) | (0x01 << digit);
   365   002FAA  C011  F00D         	movff	display@digit,??_display
   366   002FAE  0E01               	movlw	1
   367   002FB0  6E0E               	movwf	(??_display+1)^0,c
   368   002FB2  2A0D               	incf	??_display^0,f,c
   369   002FB4  EFDE  F017         	goto	u44
   370   002FB8                     u45:
   371   002FB8  90D8               	bcf	status,0,c
   372   002FBA  360E               	rlcf	(??_display+1)^0,f,c
   373   002FBC                     u44:
   374   002FBC  2E0D               	decfsz	??_display^0,f,c
   375   002FBE  EFDC  F017         	goto	u45
   376   002FC2  5080               	movf	128,w,c	;volatile
   377   002FC4  0BF0               	andlw	240
   378   002FC6  100E               	iorwf	(??_display+1)^0,w,c
   379   002FC8  6E80               	movwf	128,c	;volatile
   380   002FCA                     
   381                           ;ssd_display.c: 27:   for (wait = 1000; wait--; );
   382   002FCA  0E03               	movlw	3
   383   002FCC  6E10               	movwf	(display@wait+1)^0,c
   384   002FCE  0EE8               	movlw	232
   385   002FD0  6E0F               	movwf	display@wait^0,c
   386   002FD2                     l764:
   387   002FD2  060F               	decf	display@wait^0,f,c
   388   002FD4  A0D8               	btfss	status,0,c
   389   002FD6  0610               	decf	(display@wait+1)^0,f,c
   390   002FD8  280F               	incf	display@wait^0,w,c
   391   002FDA  E106               	bnz	u51
   392   002FDC  2810               	incf	(display@wait+1)^0,w,c
   393   002FDE  A4D8               	btfss	status,2,c
   394   002FE0  EFF4  F017         	goto	u51
   395   002FE4  EFF6  F017         	goto	u50
   396   002FE8                     u51:
   397   002FE8  EFE9  F017         	goto	l764
   398   002FEC                     u50:
   399   002FEC                     
   400                           ;ssd_display.c: 28:  }
   401   002FEC  2A11               	incf	display@digit^0,f,c
   402   002FEE  0E03               	movlw	3
   403   002FF0  6411               	cpfsgt	display@digit^0,c
   404   002FF2  EFFD  F017         	goto	u61
   405   002FF6  EFFF  F017         	goto	u60
   406   002FFA                     u61:
   407   002FFA  EFCD  F017         	goto	l758
   408   002FFE                     u60:
   409   002FFE  0012               	return		;funcret
   410   003000                     __end_of_display:
   411                           	callstack 0
   412   000000                     
   413                           	psect	rparam
   414   000000                     
   415                           	psect	idloc
   416                           
   417                           ;Config register IDLOC0 @ 0x200000
   418                           ;	unspecified, using default values
   419   200000                     	org	2097152
   420   200000  FF                 	db	255
   421                           
   422                           ;Config register IDLOC1 @ 0x200001
   423                           ;	unspecified, using default values
   424   200001                     	org	2097153
   425   200001  FF                 	db	255
   426                           
   427                           ;Config register IDLOC2 @ 0x200002
   428                           ;	unspecified, using default values
   429   200002                     	org	2097154
   430   200002  FF                 	db	255
   431                           
   432                           ;Config register IDLOC3 @ 0x200003
   433                           ;	unspecified, using default values
   434   200003                     	org	2097155
   435   200003  FF                 	db	255
   436                           
   437                           ;Config register IDLOC4 @ 0x200004
   438                           ;	unspecified, using default values
   439   200004                     	org	2097156
   440   200004  FF                 	db	255
   441                           
   442                           ;Config register IDLOC5 @ 0x200005
   443                           ;	unspecified, using default values
   444   200005                     	org	2097157
   445   200005  FF                 	db	255
   446                           
   447                           ;Config register IDLOC6 @ 0x200006
   448                           ;	unspecified, using default values
   449   200006                     	org	2097158
   450   200006  FF                 	db	255
   451                           
   452                           ;Config register IDLOC7 @ 0x200007
   453                           ;	unspecified, using default values
   454   200007                     	org	2097159
   455   200007  FF                 	db	255
   456                           
   457                           	psect	config
   458                           
   459                           ; Padding undefined space
   460   300000                     	org	3145728
   461   300000  FF                 	db	255
   462                           
   463                           ;Config register CONFIG1H @ 0x300001
   464                           ;	unspecified, using default values
   465                           ;	Oscillator Selection bits
   466                           ;	OSC = 0x7, unprogrammed default
   467                           ;	Fail-Safe Clock Monitor Enable bit
   468                           ;	FCMEN = 0x0, unprogrammed default
   469                           ;	Internal/External Oscillator Switchover bit
   470                           ;	IESO = 0x0, unprogrammed default
   471   300001                     	org	3145729
   472   300001  07                 	db	7
   473                           
   474                           ;Config register CONFIG2L @ 0x300002
   475                           ;	unspecified, using default values
   476                           ;	Power-up Timer Enable bit
   477                           ;	PWRT = 0x1, unprogrammed default
   478                           ;	Brown-out Reset Enable bits
   479                           ;	BOREN = 0x3, unprogrammed default
   480                           ;	Brown-out Reset Voltage bits
   481                           ;	BORV = 0x3, unprogrammed default
   482   300002                     	org	3145730
   483   300002  1F                 	db	31
   484                           
   485                           ;Config register CONFIG2H @ 0x300003
   486                           ;	unspecified, using default values
   487                           ;	Watchdog Timer Enable bit
   488                           ;	WDT = 0x1, unprogrammed default
   489                           ;	Watchdog Timer Postscale Select bits
   490                           ;	WDTPS = 0xF, unprogrammed default
   491   300003                     	org	3145731
   492   300003  1F                 	db	31
   493                           
   494                           ; Padding undefined space
   495   300004                     	org	3145732
   496   300004  FF                 	db	255
   497                           
   498                           ;Config register CONFIG3H @ 0x300005
   499                           ;	unspecified, using default values
   500                           ;	PORTB A/D Enable bit
   501                           ;	PBADEN = 0x1, unprogrammed default
   502                           ;	Low-Power Timer 1 Oscillator Enable bit
   503                           ;	LPT1OSC = 0x0, unprogrammed default
   504                           ;	MCLR Pin Enable bit
   505                           ;	MCLRE = 0x1, unprogrammed default
   506   300005                     	org	3145733
   507   300005  82                 	db	130
   508                           
   509                           ;Config register CONFIG4L @ 0x300006
   510                           ;	unspecified, using default values
   511                           ;	Stack Full/Underflow Reset Enable bit
   512                           ;	STVREN = 0x1, unprogrammed default
   513                           ;	Single-Supply ICSP Enable bit
   514                           ;	LVP = 0x1, unprogrammed default
   515                           ;	Boot Block Size Select bit
   516                           ;	BBSIZ = 0x0, unprogrammed default
   517                           ;	Extended Instruction Set Enable bit
   518                           ;	XINST = 0x0, unprogrammed default
   519                           ;	Background Debugger Enable bit
   520                           ;	DEBUG = 0x1, unprogrammed default
   521   300006                     	org	3145734
   522   300006  85                 	db	133
   523                           
   524                           ; Padding undefined space
   525   300007                     	org	3145735
   526   300007  FF                 	db	255
   527                           
   528                           ;Config register CONFIG5L @ 0x300008
   529                           ;	unspecified, using default values
   530                           ;	Code Protection bit
   531                           ;	CP0 = 0x1, unprogrammed default
   532                           ;	Code Protection bit
   533                           ;	CP1 = 0x1, unprogrammed default
   534                           ;	Code Protection bit
   535                           ;	CP2 = 0x1, unprogrammed default
   536                           ;	Code Protection bit
   537                           ;	CP3 = 0x1, unprogrammed default
   538   300008                     	org	3145736
   539   300008  0F                 	db	15
   540                           
   541                           ;Config register CONFIG5H @ 0x300009
   542                           ;	unspecified, using default values
   543                           ;	Boot Block Code Protection bit
   544                           ;	CPB = 0x1, unprogrammed default
   545                           ;	Data EEPROM Code Protection bit
   546                           ;	CPD = 0x1, unprogrammed default
   547   300009                     	org	3145737
   548   300009  C0                 	db	192
   549                           
   550                           ;Config register CONFIG6L @ 0x30000A
   551                           ;	unspecified, using default values
   552                           ;	Write Protection bit
   553                           ;	WRT0 = 0x1, unprogrammed default
   554                           ;	Write Protection bit
   555                           ;	WRT1 = 0x1, unprogrammed default
   556                           ;	Write Protection bit
   557                           ;	WRT2 = 0x1, unprogrammed default
   558                           ;	Write Protection bit
   559                           ;	WRT3 = 0x1, unprogrammed default
   560   30000A                     	org	3145738
   561   30000A  0F                 	db	15
   562                           
   563                           ;Config register CONFIG6H @ 0x30000B
   564                           ;	unspecified, using default values
   565                           ;	Configuration Register Write Protection bit
   566                           ;	WRTC = 0x1, unprogrammed default
   567                           ;	Boot Block Write Protection bit
   568                           ;	WRTB = 0x1, unprogrammed default
   569                           ;	Data EEPROM Write Protection bit
   570                           ;	WRTD = 0x1, unprogrammed default
   571   30000B                     	org	3145739
   572   30000B  E0                 	db	224
   573                           
   574                           ;Config register CONFIG7L @ 0x30000C
   575                           ;	unspecified, using default values
   576                           ;	Table Read Protection bit
   577                           ;	EBTR0 = 0x1, unprogrammed default
   578                           ;	Table Read Protection bit
   579                           ;	EBTR1 = 0x1, unprogrammed default
   580                           ;	Table Read Protection bit
   581                           ;	EBTR2 = 0x1, unprogrammed default
   582                           ;	Table Read Protection bit
   583                           ;	EBTR3 = 0x1, unprogrammed default
   584   30000C                     	org	3145740
   585   30000C  0F                 	db	15
   586                           
   587                           ;Config register CONFIG7H @ 0x30000D
   588                           ;	unspecified, using default values
   589                           ;	Boot Block Table Read Protection bit
   590                           ;	EBTRB = 0x1, unprogrammed default
   591   30000D                     	org	3145741
   592   30000D  40                 	db	64
   593                           tosu	equ	0xFFF
   594                           tosh	equ	0xFFE
   595                           tosl	equ	0xFFD
   596                           stkptr	equ	0xFFC
   597                           pclatu	equ	0xFFB
   598                           pclath	equ	0xFFA
   599                           pcl	equ	0xFF9
   600                           tblptru	equ	0xFF8
   601                           tblptrh	equ	0xFF7
   602                           tblptrl	equ	0xFF6
   603                           tablat	equ	0xFF5
   604                           prodh	equ	0xFF4
   605                           prodl	equ	0xFF3
   606                           indf0	equ	0xFEF
   607                           postinc0	equ	0xFEE
   608                           postdec0	equ	0xFED
   609                           preinc0	equ	0xFEC
   610                           plusw0	equ	0xFEB
   611                           fsr0h	equ	0xFEA
   612                           fsr0l	equ	0xFE9
   613                           wreg	equ	0xFE8
   614                           indf1	equ	0xFE7
   615                           postinc1	equ	0xFE6
   616                           postdec1	equ	0xFE5
   617                           preinc1	equ	0xFE4
   618                           plusw1	equ	0xFE3
   619                           fsr1h	equ	0xFE2
   620                           fsr1l	equ	0xFE1
   621                           bsr	equ	0xFE0
   622                           indf2	equ	0xFDF
   623                           postinc2	equ	0xFDE
   624                           postdec2	equ	0xFDD
   625                           preinc2	equ	0xFDC
   626                           plusw2	equ	0xFDB
   627                           fsr2h	equ	0xFDA
   628                           fsr2l	equ	0xFD9
   629                           status	equ	0xFD8

Data Sizes:
    Strings     0
    Constant    0
    Data        10
    BSS         4
    Persistent  0
    Stack       0

Auto Spaces:
    Space          Size  Autos    Used
    COMRAM           95      7      21
    BANK0           160      0       0
    BANK1           256      0       0
    BANK2           256      0       0
    BANK3           256      0       0
    BANK4           256      0       0
    BANK5           256      0       0

Pointer List with Targets:

    display@data	PTR unsigned char  size(2) Largest target is 4
		 -> ssd(COMRAM[4]), 


Critical Paths under _main in COMRAM

    _main->_display

Critical Paths under _main in BANK0

    None.

Critical Paths under _main in BANK1

    None.

Critical Paths under _main in BANK2

    None.

Critical Paths under _main in BANK3

    None.

Critical Paths under _main in BANK4

    None.

Critical Paths under _main in BANK5

    None.

Call Graph Tables:

 ---------------------------------------------------------------------------------
 (Depth) Function   	        Calls       Base Space   Used Autos Params    Refs
 ---------------------------------------------------------------------------------
 (0) _main                                                 2     2      0     211
                            _display
                        _init_config
 ---------------------------------------------------------------------------------
 (1) _init_config                                          0     0      0       0
                   _init_ssd_control
 ---------------------------------------------------------------------------------
 (2) _init_ssd_control                                     0     0      0       0
 ---------------------------------------------------------------------------------
 (1) _display                                              8     6      2     211
                                              0 COMRAM     7     5      2
 ---------------------------------------------------------------------------------
 Estimated maximum stack depth 2
 ---------------------------------------------------------------------------------

 Call Graph Graphs:

 _main (ROOT)
   _display
   _init_config
     _init_ssd_control

 Address spaces:
Name               Size   Autos  Total    Cost      Usage
BIGRAM             5FF      0       0      22        0.0%
BITBIGSFRlll       280      0       0      20        0.0%
EEDATA             100      0       0       0        0.0%
BITBANK5           100      0       0      14        0.0%
BANK5              100      0       0      15        0.0%
BITBANK4           100      0       0      12        0.0%
BANK4              100      0       0      13        0.0%
BITBANK3           100      0       0      10        0.0%
BANK3              100      0       0      11        0.0%
BITBANK2           100      0       0       8        0.0%
BANK2              100      0       0       9        0.0%
BITBANK1           100      0       0       6        0.0%
BANK1              100      0       0       7        0.0%
BITBANK0            A0      0       0       4        0.0%
BANK0               A0      0       0       5        0.0%
BITBIGSFRh          6A      0       0      16        0.0%
BITCOMRAM           5F      0       0       0        0.0%
COMRAM              5F      7      15       1       22.1%
BITBIGSFRllhh        E      0       0      18        0.0%
BITBIGSFRllhl        2      0       0      19        0.0%
BITBIGSFRlh          2      0       0      17        0.0%
BIGSFR               0      0       0     200        0.0%
BITSFR_3             0      0       0     200        0.0%
SFR_3                0      0       0     200        0.0%
BITSFR_2             0      0       0     200        0.0%
SFR_2                0      0       0     200        0.0%
BITSFR_1             0      0       0     200        0.0%
SFR_1                0      0       0     200        0.0%
BITSFR               0      0       0     200        0.0%
SFR                  0      0       0     200        0.0%
STACK                0      0       0       2        0.0%
NULL                 0      0       0       0        0.0%
ABS                  0      0      15      21        0.0%
DATA                 0      0      15       3        0.0%
CODE                 0      0       0       0        0.0%


Microchip Technology PIC18 Macro Assembler V2.41 build 20230208172133 
Symbol Table                                                                                   Tue Jun 20 16:35:39 2023

                      l11 2F22                        l30 2F3E                        l38 2FFE  
                      u50 2FEC                        u51 2FE8                        u60 2FFE  
                      u44 2FBC                        u61 2FFA                        u45 2FB8  
                     l720 2F1E                       l714 2F2E                       l716 2F32  
                     l718 2F38                       l760 2FAA                       l752 2F96  
                     l762 2FCA                       l770 2F40                       l764 2FD2  
                     l780 2F54                       l772 2F44                       l766 2FEC  
                     l758 2F9A                       l774 2F48                       l768 2FEE  
                     l776 2F4C                       l778 2F50                       _ssd 0012  
             display@data 000B               display@wait 000F                      _main 2F40  
                    indf2 0FDF                      fsr1l 0FE1                      fsr2l 0FD9  
                    start 0000              ___param_bank 0000                     ?_main 000B  
            ?_init_config 000B                     _PORTA 0F80                     _PORTD 0F83  
                   _TRISA 0F92                     _TRISD 0F95              display@digit 0011  
         __end_of_display 3000                     _digit 0001                     tablat 0FF5  
                   status 0FD8           __initialization 2F68              __end_of_main 2F68  
       ?_init_ssd_control 000B                    ??_main 0012             __activetblptr 0000  
      ??_init_ssd_control 000B                    isa$std 0001                 ??_display 000D  
            __pdataCOMRAM 0001                    tblptrh 0FF7                    tblptrl 0FF6  
                  tblptru 0FF8                __accesstop 0060   __end_of__initialization 2F90  
           ___rparam_used 0001            __pcstackCOMRAM 000B                   __Hparam 0000  
                 __Lparam 0000                   __pcinit 2F68                   __ramtop 0600  
                 __ptext0 2F40                   __ptext1 2F1E                   __ptext2 2F2E  
                 __ptext3 2F96                   _display 2F96      end_of_initialization 2F90  
                 postdec1 0FE5                   postinc0 0FEE             __pidataCOMRAM 2F24  
     start_initialization 2F68             ??_init_config 000B               __pbssCOMRAM 0012  
        _init_ssd_control 2F2E                  ?_display 000B       __end_of_init_config 2F24  
               copy_data0 2F7C                  __Hrparam 0000                  __Lrparam 0000  
             _init_config 2F1E                  isa$xinst 0000  __end_of_init_ssd_control 2F40  
